This is pdfTeX, Version 3.141592653-2.6-1.40.29 (MiKTeX 26.5) (preloaded format=pdflatex 2026.7.24)  8 OCT 2026 21:51
entering extended mode
 restricted \write18 enabled.
 %&-line parsing enabled.
**./main.tex
(main.tex
LaTeX2e <2026-06-01>
L3 programming layer <2026-06-18>
(D:\Latex\tex/latex/ieeetran\IEEEtran.cls
Document Class: IEEEtran 2015/08/26 V1.8b by Michael Shell
-- See the "IEEEtran_HOWTO" manual for usage information.
-- http://www.michaelshell.org/tex/ieeetran/
\@IEEEtrantmpdimenA=\dimen150
\@IEEEtrantmpdimenB=\dimen151
\@IEEEtrantmpdimenC=\dimen152
\@IEEEtrantmpcountA=\count276
\@IEEEtrantmpcountB=\count277
\@IEEEtrantmpcountC=\count278
\@IEEEtrantmptoksA=\toks17
LaTeX Font Info:    Trying to load font information for OT1+ptm on input line 5
03.
(D:\Latex\tex/latex/psnfss\ot1ptm.fd
File: ot1ptm.fd 2001/06/04 font definitions for OT1/ptm.
)
-- Using 8.5in x 11in (letter) paper.
-- Using PDF output.
\@IEEEnormalsizeunitybaselineskip=\dimen153
-- This is a 10 point document.
LaTeX Encoding Info:    Redeclaring text command \textunderscore (encoding ?) o
n input line 937.
\CLASSINFOnormalsizebaselineskip=\dimen154
\CLASSINFOnormalsizeunitybaselineskip=\dimen155
\IEEEnormaljot=\dimen156
LaTeX Font Info:    Font shape `OT1/ptm/bx/n' in size <5> not available
(Font)              Font shape `OT1/ptm/b/n' tried instead on input line 1090.
LaTeX Font Info:    Font shape `OT1/ptm/bx/it' in size <5> not available
(Font)              Font shape `OT1/ptm/b/it' tried instead on input line 1090.

LaTeX Font Info:    Font shape `OT1/ptm/bx/n' in size <7> not available
(Font)              Font shape `OT1/ptm/b/n' tried instead on input line 1090.
LaTeX Font Info:    Font shape `OT1/ptm/bx/it' in size <7> not available
(Font)              Font shape `OT1/ptm/b/it' tried instead on input line 1090.

LaTeX Font Info:    Font shape `OT1/ptm/bx/n' in size <8> not available
(Font)              Font shape `OT1/ptm/b/n' tried instead on input line 1090.
LaTeX Font Info:    Font shape `OT1/ptm/bx/it' in size <8> not available
(Font)              Font shape `OT1/ptm/b/it' tried instead on input line 1090.

LaTeX Font Info:    Font shape `OT1/ptm/bx/n' in size <9> not available
(Font)              Font shape `OT1/ptm/b/n' tried instead on input line 1090.
LaTeX Font Info:    Font shape `OT1/ptm/bx/it' in size <9> not available
(Font)              Font shape `OT1/ptm/b/it' tried instead on input line 1090.

LaTeX Font Info:    Font shape `OT1/ptm/bx/n' in size <10> not available
(Font)              Font shape `OT1/ptm/b/n' tried instead on input line 1090.
LaTeX Font Info:    Font shape `OT1/ptm/bx/it' in size <10> not available
(Font)              Font shape `OT1/ptm/b/it' tried instead on input line 1090.

LaTeX Font Info:    Font shape `OT1/ptm/bx/n' in size <11> not available
(Font)              Font shape `OT1/ptm/b/n' tried instead on input line 1090.
LaTeX Font Info:    Font shape `OT1/ptm/bx/it' in size <11> not available
(Font)              Font shape `OT1/ptm/b/it' tried instead on input line 1090.

LaTeX Font Info:    Font shape `OT1/ptm/bx/n' in size <12> not available
(Font)              Font shape `OT1/ptm/b/n' tried instead on input line 1090.
LaTeX Font Info:    Font shape `OT1/ptm/bx/it' in size <12> not available
(Font)              Font shape `OT1/ptm/b/it' tried instead on input line 1090.

LaTeX Font Info:    Font shape `OT1/ptm/bx/n' in size <17> not available
(Font)              Font shape `OT1/ptm/b/n' tried instead on input line 1090.
LaTeX Font Info:    Font shape `OT1/ptm/bx/it' in size <17> not available
(Font)              Font shape `OT1/ptm/b/it' tried instead on input line 1090.

LaTeX Font Info:    Font shape `OT1/ptm/bx/n' in size <20> not available
(Font)              Font shape `OT1/ptm/b/n' tried instead on input line 1090.
LaTeX Font Info:    Font shape `OT1/ptm/bx/it' in size <20> not available
(Font)              Font shape `OT1/ptm/b/it' tried instead on input line 1090.

LaTeX Font Info:    Font shape `OT1/ptm/bx/n' in size <24> not available
(Font)              Font shape `OT1/ptm/b/n' tried instead on input line 1090.
LaTeX Font Info:    Font shape `OT1/ptm/bx/it' in size <24> not available
(Font)              Font shape `OT1/ptm/b/it' tried instead on input line 1090.

\IEEEquantizedlength=\dimen157
\IEEEquantizedlengthdiff=\dimen158
\IEEEquantizedtextheightdiff=\dimen159
\IEEEilabelindentA=\dimen160
\IEEEilabelindentB=\dimen161
\IEEEilabelindent=\dimen162
\IEEEelabelindent=\dimen163
\IEEEdlabelindent=\dimen164
\IEEElabelindent=\dimen165
\IEEEiednormlabelsep=\dimen166
\IEEEiedmathlabelsep=\dimen167
\IEEEiedtopsep=\skip49
\c@section=\count279
\c@subsection=\count280
\c@subsubsection=\count281
\c@paragraph=\count282
\c@IEEEsubequation=\count283
\abovecaptionskip=\skip50
\belowcaptionskip=\skip51
\c@figure=\count284
\c@table=\count285
\@IEEEeqnnumcols=\count286
\@IEEEeqncolcnt=\count287
\@IEEEsubeqnnumrollback=\count288
\@IEEEquantizeheightA=\dimen168
\@IEEEquantizeheightB=\dimen169
\@IEEEquantizeheightC=\dimen170
\@IEEEquantizeprevdepth=\dimen171
\@IEEEquantizemultiple=\count289
\@IEEEquantizeboxA=\box53
\@IEEEtmpitemindent=\dimen172
\IEEEPARstartletwidth=\dimen173
\c@IEEEbiography=\count290
\@IEEEtranrubishbin=\box54
) (D:\Latex\tex/latex/base\inputenc.sty
Package: inputenc 2024/02/08 v1.3d Input encoding file
\inpenc@prehook=\toks18
\inpenc@posthook=\toks19
) (D:\Latex\tex/latex/base\fontenc.sty
Package: fontenc 2025/07/18 v2.1d Standard LaTeX package
LaTeX Font Info:    Trying to load font information for T1+ptm on input line 11
6.

(D:\Latex\tex/latex/psnfss\t1ptm.fd
File: t1ptm.fd 2001/06/04 font definitions for T1/ptm.
)) (D:\Latex\tex/latex/amsmath\amsmath.sty
Package: amsmath 2026/05/19 v2.18d AMS math features
\@mathmargin=\skip52

For additional information on amsmath, use the `?' option.
(D:\Latex\tex/latex/amsmath\amstext.sty
Package: amstext 2024/11/17 v2.01 AMS text
 (D:\Latex\tex/latex/amsmath\amsgen.sty
File: amsgen.sty 1999/11/30 v2.0 generic functions
\@emptytoks=\toks20
\ex@=\dimen174
)) (D:\Latex\tex/latex/amsmath\amsbsy.sty
Package: amsbsy 1999/11/29 v1.2d Bold Symbols
\pmbraise@=\dimen175
)
(D:\Latex\tex/latex/amsmath\amsopn.sty
Package: amsopn 2022/04/08 v2.04 operator names
)
\inf@bad=\count291
LaTeX Info: Redefining \frac on input line 233.
\uproot@=\count292
\leftroot@=\count293
LaTeX Info: Redefining \overline on input line 398.
LaTeX Info: Redefining \colon on input line 409.
\classnum@=\count294
\DOTSCASE@=\count295
LaTeX Info: Redefining \ldots on input line 495.
LaTeX Info: Redefining \dots on input line 498.
LaTeX Info: Redefining \cdots on input line 619.
\Mathstrutbox@=\box55
\strutbox@=\box56
LaTeX Info: Redefining \big on input line 721.
LaTeX Info: Redefining \Big on input line 722.
LaTeX Info: Redefining \bigg on input line 723.
LaTeX Info: Redefining \Bigg on input line 724.
\big@size=\dimen176
LaTeX Font Info:    Redeclaring font encoding OML on input line 742.
LaTeX Font Info:    Redeclaring font encoding OMS on input line 743.
\macc@depth=\count296
LaTeX Info: Redefining \bmod on input line 904.
LaTeX Info: Redefining \pmod on input line 909.
LaTeX Info: Redefining \smash on input line 939.
LaTeX Info: Redefining \relbar on input line 969.
LaTeX Info: Redefining \Relbar on input line 970.
\c@MaxMatrixCols=\count297
\dotsspace@=\muskip17
\c@parentequation=\count298
\dspbrk@lvl=\count299
\tag@help=\toks21
\row@=\count300
\column@=\count301
\maxfields@=\count302
\andhelp@=\toks22
\eqnshift@=\dimen177
\alignsep@=\dimen178
\tagshift@=\dimen179
\tagwidth@=\dimen180
\totwidth@=\dimen181
\lineht@=\dimen182
\@envbody=\toks23
\multlinegap=\skip53
\multlinetaggap=\skip54
\mathdisplay@stack=\toks24
LaTeX Info: Redefining \[ on input line 2965.
LaTeX Info: Redefining \] on input line 2966.
)
(D:\Latex\tex/latex/amsfonts\amssymb.sty
Package: amssymb 2013/01/14 v3.01 AMS font symbols

(D:\Latex\tex/latex/amsfonts\amsfonts.sty
Package: amsfonts 2013/01/14 v3.01 Basic AMSFonts support
\symAMSa=\mathgroup4
\symAMSb=\mathgroup5
LaTeX Font Info:    Redeclaring math symbol \hbar on input line 98.
LaTeX Font Info:    Overwriting math alphabet `\mathfrak' in version `bold'
(Font)                  U/euf/m/n --> U/euf/b/n on input line 106.
))
(D:\Latex\tex/latex/booktabs\booktabs.sty
Package: booktabs 2020/01/12 v1.61803398 Publication quality tables
\heavyrulewidth=\dimen183
\lightrulewidth=\dimen184
\cmidrulewidth=\dimen185
\belowrulesep=\dimen186
\belowbottomsep=\dimen187
\aboverulesep=\dimen188
\abovetopsep=\dimen189
\cmidrulesep=\dimen190
\cmidrulekern=\dimen191
\defaultaddspace=\dimen192
\@cmidla=\count303
\@cmidlb=\count304
\@aboverulesep=\dimen193
\@belowrulesep=\dimen194
\@thisruleclass=\count305
\@lastruleclass=\count306
\@thisrulewidth=\dimen195
)
(D:\Latex\tex/latex/graphics\graphicx.sty
Package: graphicx 2026-05-17 v1.2e Enhanced LaTeX Graphics (DPC,SPQR)

(D:\Latex\tex/latex/graphics\keyval.sty
Package: keyval 2026-05-17 v1.15 key=value parser (DPC)
\KV@toks@=\toks25
)
(D:\Latex\tex/latex/graphics\graphics.sty
Package: graphics 2026-05-17 v1.4h Standard LaTeX Graphics (DPC,SPQR)
 (D:\Latex\tex/latex/graphics\trig.sty
Package: trig 2023/12/02 v1.11 sin cos tan (DPC)
) (D:\Latex\tex/latex/graphics-cfg\graphics.cfg
File: graphics.cfg 2016/06/04 v1.11 sample graphics configuration
)
Package graphics Info: Driver file: pdftex.def on input line 106.

(D:\Latex\tex/latex/graphics-def\pdftex.def
File: pdftex.def 2025/09/29 v1.2d Graphics/color driver for pdftex
))
\Gin@req@height=\dimen196
\Gin@req@width=\dimen197
)
(D:\Latex\tex/latex/float\float.sty
Package: float 2001/11/08 v1.3d Float enhancements (AL)
\c@float@type=\count307
\float@exts=\toks26
\float@box=\box57
\@float@everytoks=\toks27
\@floatcapt=\box58
) (D:\Latex\tex/latex/cite\cite.sty
LaTeX Info: Redefining \cite on input line 302.
LaTeX Info: Redefining \nocite on input line 332.
Package: cite 2015/02/27  v 5.5
)
(D:\Latex\tex/latex/xcolor\xcolor.sty
Package: xcolor 2024/09/29 v3.02 LaTeX color extensions (UK)

(D:\Latex\tex/latex/graphics-cfg\color.cfg
File: color.cfg 2016/01/02 v1.6 sample color configuration
)
Package xcolor Info: Driver file: pdftex.def on input line 274.

(D:\Latex\tex/latex/graphics\mathcolor.ltx)
Package xcolor Info: Model `cmy' substituted by `cmy0' on input line 1349.
Package xcolor Info: Model `hsb' substituted by `rgb' on input line 1353.
Package xcolor Info: Model `RGB' extended on input line 1365.
Package xcolor Info: Model `HTML' substituted by `rgb' on input line 1367.
Package xcolor Info: Model `Hsb' substituted by `hsb' on input line 1368.
Package xcolor Info: Model `tHsb' substituted by `hsb' on input line 1369.
Package xcolor Info: Model `HSB' substituted by `hsb' on input line 1370.
Package xcolor Info: Model `Gray' substituted by `gray' on input line 1371.
Package xcolor Info: Model `wave' substituted by `hsb' on input line 1372.
) (D:\Latex\tex/latex/url\url.sty
\Urlmuskip=\muskip18
Package: url 2013/09/16  ver 3.4  Verb mode for urls, etc.
)
(D:\Latex\tex/latex/microtype\microtype.sty
Package: microtype 2026/03/01 v3.2d Micro-typographical refinements (RS)

(D:\Latex\tex/latex/etoolbox\etoolbox.sty
Package: etoolbox 2025/10/02 v2.5m e-TeX tools for LaTeX (JAW)
\etb@tempcnta=\count308
)
\MT@toks=\toks28
\MT@tempbox=\box59
\MT@count=\count309
LaTeX Info: Redefining \noprotrusionifhmode on input line 1084.
LaTeX Info: Redefining \leftprotrusion on input line 1085.
\MT@prot@toks=\toks29
LaTeX Info: Redefining \rightprotrusion on input line 1104.
LaTeX Info: Redefining \textls on input line 1449.
\MT@outer@kern=\dimen198
LaTeX Info: Redefining \microtypecontext on input line 2053.
LaTeX Info: Redefining \textmicrotypecontext on input line 2070.
\MT@listname@count=\count310

(D:\Latex\tex/latex/microtype\microtype-pdftex.def
File: microtype-pdftex.def 2026/03/01 v3.2d Definitions specific to pdftex (RS)

LaTeX Info: Redefining \lsstyle on input line 944.
LaTeX Info: Redefining \lslig on input line 944.
\MT@outer@space=\skip55
)
Package microtype Info: Loading configuration file microtype.cfg.

(D:\Latex\tex/latex/microtype\microtype.cfg
File: microtype.cfg 2026/03/01 v3.2d microtype main configuration file (RS)
)
LaTeX Info: Redefining \microtypesetup on input line 3065.
)
(D:\Latex\tex/latex/hyperref\hyperref.sty
Package: hyperref 2026-06-17 v7.01r Hypertext links for LaTeX
 (D:\Latex\tex/generic/iftex\iftex.sty
Package: iftex 2024/12/12 v1.0g TeX engine tests
) (D:\Latex\tex/latex/kvsetkeys\kvsetkeys.sty
Package: kvsetkeys 2022-10-05 v1.19 Key value parser (HO)
)
(D:\Latex\tex/generic/kvdefinekeys\kvdefinekeys.sty
Package: kvdefinekeys 2019-12-19 v1.6 Define keys (HO)
)
(D:\Latex\tex/generic/pdfescape\pdfescape.sty
Package: pdfescape 2019/12/09 v1.15 Implements pdfTeX's escape features (HO)

(D:\Latex\tex/generic/ltxcmds\ltxcmds.sty
Package: ltxcmds 2023-12-04 v1.26 LaTeX kernel commands for general use (HO)
)
(D:\Latex\tex/generic/pdftexcmds\pdftexcmds.sty
Package: pdftexcmds 2020-06-27 v0.33 Utility functions of pdfTeX for LuaTeX (HO
)

(D:\Latex\tex/generic/infwarerr\infwarerr.sty
Package: infwarerr 2019/12/03 v1.5 Providing info/warning/error messages (HO)
)
Package pdftexcmds Info: \pdf@primitive is available.
Package pdftexcmds Info: \pdf@ifprimitive is available.
Package pdftexcmds Info: \pdfdraftmode found.
))
(D:\Latex\tex/latex/hycolor\hycolor.sty
Package: hycolor 2020-01-27 v1.10 Color options for hyperref/bookmark (HO)
)
(D:\Latex\tex/latex/hyperref\nameref.sty
Package: nameref 2026-01-29 v2.58 Cross-referencing by name of section

(D:\Latex\tex/latex/refcount\refcount.sty
Package: refcount 2019/12/15 v3.6 Data extraction from label references (HO)
)
(D:\Latex\tex/generic/gettitlestring\gettitlestring.sty
Package: gettitlestring 2019/12/15 v1.6 Cleanup title references (HO)

(D:\Latex\tex/latex/kvoptions\kvoptions.sty
Package: kvoptions 2022-06-15 v3.15 Key value format for package options (HO)
))
\c@section@level=\count311
)
(D:\Latex\tex/generic/stringenc\stringenc.sty
Package: stringenc 2019/11/29 v1.12 Convert strings between diff. encodings (HO
)
)
\@linkdim=\dimen199
\Hy@linkcounter=\count312
\Hy@pagecounter=\count313

(D:\Latex\tex/latex/hyperref\pd1enc.def
File: pd1enc.def 2026-06-17 v7.01r Hyperref: PDFDocEncoding definition (HO)
Now handling font encoding PD1 ...
... no UTF-8 mapping file for font encoding PD1
)
(D:\Latex\tex/generic/intcalc\intcalc.sty
Package: intcalc 2019/12/15 v1.3 Expandable calculations with integers (HO)
)
\Hy@SavedSpaceFactor=\count314

(D:\Latex\tex/latex/hyperref\puenc.def
File: puenc.def 2026-06-17 v7.01r Hyperref: PDF Unicode definition (HO)
Now handling font encoding PU ...
... no UTF-8 mapping file for font encoding PU
)
Package hyperref Info: Hyper figures OFF on input line 4199.
Package hyperref Info: Link nesting OFF on input line 4204.
Package hyperref Info: Hyper index ON on input line 4207.
Package hyperref Info: Plain pages OFF on input line 4214.
Package hyperref Info: Backreferencing OFF on input line 4219.
Package hyperref Info: Implicit mode ON; LaTeX internals redefined.
Package hyperref Info: Bookmarks ON on input line 4466.
\c@Hy@tempcnt=\count315
LaTeX Info: Redefining \url on input line 4805.
\XeTeXLinkMargin=\dimen256
 (D:\Latex\tex/generic/bitset\bitset.sty
Package: bitset 2019/12/09 v1.3 Handle bit-vector datatype (HO)
(D:\Latex\tex/generic/bigintcalc\bigintcalc.sty
Package: bigintcalc 2019/12/15 v1.5 Expandable calculations on big integers (HO
)
))
\Fld@menulength=\count316
\Field@Width=\dimen257
\Fld@charsize=\dimen258
Package hyperref Info: Hyper figures OFF on input line 6091.
Package hyperref Info: Link nesting OFF on input line 6096.
Package hyperref Info: Hyper index ON on input line 6099.
Package hyperref Info: backreferencing OFF on input line 6106.
Package hyperref Info: Link coloring OFF on input line 6111.
Package hyperref Info: Link coloring with OCG OFF on input line 6116.
Package hyperref Info: PDF/A mode OFF on input line 6121.
\Hy@abspage=\count317
\c@Item=\count318
\c@Hfootnote=\count319
)
Package hyperref Info: Driver (autodetected): hpdftex.

(D:\Latex\tex/latex/hyperref\hpdftex.def
File: hpdftex.def 2026-06-17 v7.01r Hyperref driver for pdfTeX
\Fld@listcount=\count320
\c@bookmark@seq@number=\count321

(D:\Latex\tex/latex/rerunfilecheck\rerunfilecheck.sty
Package: rerunfilecheck 2025-06-21 v1.11 Rerun checks for auxiliary files (HO)

(D:\Latex\tex/generic/uniquecounter\uniquecounter.sty
Package: uniquecounter 2019/12/15 v1.4 Provide unlimited unique counter (HO)
)
Package uniquecounter Info: New unique counter `rerunfilecheck' on input line 2
84.
)
\Hy@SectionHShift=\skip56
)
(D:\Latex\tex/latex/l3backend\l3backend-pdftex.def
File: l3backend-pdftex.def 2026-02-18 L3 backend support: PDF output (pdfTeX)
\l__color_backend_stack_int=\count322
) (main.aux)
\openout1 = `main.aux'.

LaTeX Font Info:    Checking defaults for OML/cmm/m/it on input line 30.
LaTeX Font Info:    ... okay on input line 30.
LaTeX Font Info:    Checking defaults for OMS/cmsy/m/n on input line 30.
LaTeX Font Info:    ... okay on input line 30.
LaTeX Font Info:    Checking defaults for OT1/cmr/m/n on input line 30.
LaTeX Font Info:    ... okay on input line 30.
LaTeX Font Info:    Checking defaults for T1/cmr/m/n on input line 30.
LaTeX Font Info:    ... okay on input line 30.
LaTeX Font Info:    Checking defaults for TS1/cmr/m/n on input line 30.
LaTeX Font Info:    ... okay on input line 30.
LaTeX Font Info:    Checking defaults for OMX/cmex/m/n on input line 30.
LaTeX Font Info:    ... okay on input line 30.
LaTeX Font Info:    Checking defaults for U/cmr/m/n on input line 30.
LaTeX Font Info:    ... okay on input line 30.
LaTeX Font Info:    Checking defaults for PD1/pdf/m/n on input line 30.
LaTeX Font Info:    ... okay on input line 30.
LaTeX Font Info:    Checking defaults for PU/pdf/m/n on input line 30.
LaTeX Font Info:    ... okay on input line 30.

-- Lines per column: 58 (exact).
(D:\Latex\tex/context/base/mkii\supp-pdf.mkii
[Loading MPS to PDF converter (version 2006.09.02).]
\scratchcounter=\count323
\scratchdimen=\dimen259
\scratchbox=\box60
\nofMPsegments=\count324
\nofMParguments=\count325
\everyMPshowfont=\toks30
\MPscratchCnt=\count326
\MPscratchDim=\dimen260
\MPnumerator=\count327
\makeMPintoPDFobject=\count328
\everyMPtoPDFconversion=\toks31
) (D:\Latex\tex/latex/epstopdf-pkg\epstopdf-base.sty
Package: epstopdf-base 2020-01-24 v2.11 Base part for package epstopdf
Package epstopdf-base Info: Redefining graphics rule for `.eps' on input line 4
85.

(D:\Latex\tex/latex/00miktex\epstopdf-sys.cfg
File: epstopdf-sys.cfg 2021/03/18 v2.0 Configuration of epstopdf for MiKTeX
))
LaTeX Info: Redefining \microtypecontext on input line 30.
Package microtype Info: Applying patch `item' on input line 30.
Package microtype Info: Applying patch `toc' on input line 30.
Package microtype Info: Applying patch `eqnum' on input line 30.
Package microtype Info: Applying patch `footnote' on input line 30.
Package microtype Info: Applying patch `verbatim' on input line 30.
LaTeX Info: Redefining \microtypesetup on input line 30.
Package microtype Info: Generating PDF output.
Package microtype Info: Character protrusion enabled (level 2).
Package microtype Info: Using default protrusion set `alltext'.
Package microtype Info: No font expansion.
Package microtype Info: No adjustment of tracking.
Package microtype Info: No adjustment of interword spacing.
Package microtype Info: No adjustment of character kerning.

(D:\Latex\tex/latex/microtype\mt-ptm.cfg
File: mt-ptm.cfg 2006/04/20 v1.7 microtype config. file: Times (RS)
)
Package hyperref Info: Link coloring OFF on input line 30.
 (main.out) (main.out)
\@outlinefile=\write3
\openout3 = `main.out'.


(D:\Latex\tex/latex/microtype\mt-cmr.cfg
File: mt-cmr.cfg 2013/05/19 v2.2 microtype config. file: Computer Modern Roman 
(RS)
)
LaTeX Font Info:    Trying to load font information for U+msa on input line 33.

 (D:\Latex\tex/latex/amsfonts\umsa.fd
File: umsa.fd 2013/01/14 v3.01 AMS symbols A
) (D:\Latex\tex/latex/microtype\mt-msa.cfg
File: mt-msa.cfg 2006/02/04 v1.1 microtype config. file: AMS symbols (a) (RS)
)
LaTeX Font Info:    Trying to load font information for U+msb on input line 33.

 (D:\Latex\tex/latex/amsfonts\umsb.fd
File: umsb.fd 2013/01/14 v3.01 AMS symbols B
) (D:\Latex\tex/latex/microtype\mt-msb.cfg
File: mt-msb.cfg 2005/06/01 v1.0 microtype config. file: AMS symbols (b) (RS)
) (chapters/abstract.tex
LaTeX Font Info:    Trying to load font information for T1+pcr on input line 4.


(D:\Latex\tex/latex/psnfss\t1pcr.fd
File: t1pcr.fd 2001/06/04 font definitions for T1/pcr.
)
Package microtype Info: Loading generic protrusion settings for font family
(microtype)             `pcr' (encoding: T1).
(microtype)             For optimal results, create family-specific settings.
(microtype)             See the microtype manual for details.
) (chapters/ch01_introduction.tex [1{C:/Users/rAHUL/AppData/Local/MiKTeX/fonts/
map/pdftex/pdftex.map}{D:/Latex/fonts/enc/dvips/base/8r.enc}


]
Underfull \hbox (badness 10000) in paragraph at lines 20--21
[]\T1/ptm/b/n/10 Cross-Condition Teleme-try Leak-age\T1/ptm/m/n/10 : In multi-
 []


Underfull \hbox (badness 3179) in paragraph at lines 20--21
\T1/ptm/m/n/10 dra-mat-i-cally dis-tort sen-sor teleme-try. In lit-er-a-ture,
 []


Underfull \hbox (badness 1810) in paragraph at lines 20--21
\T1/ptm/m/n/10 en-tire dataset or fit on the tar-get do-main dur-ing
 []


Underfull \hbox (badness 2913) in paragraph at lines 27--28
\T1/ptm/m/n/10 tify anoma-lies and fore-cast degra-da-tion (RUL)
 []


Underfull \hbox (badness 5741) in paragraph at lines 28--29
\T1/ptm/m/n/10 do ma-chine learn-ing mod-els per-form rel-a-tive
 []


Underfull \hbox (badness 1859) in paragraph at lines 30--31
\T1/ptm/b/n/10 duc-tion\T1/ptm/m/n/10 : Which sig-nal pre-pro-cess-ing tech-niq
ues
 []


Underfull \hbox (badness 6526) in paragraph at lines 38--39
[]\T1/ptm/b/n/10 Empirical Proof of Su-per-vised Cir-cu-lar-ity\T1/ptm/m/n/10 :
 A
 []


Underfull \hbox (badness 7486) in paragraph at lines 38--39
\T1/ptm/m/n/10 sys-tem-atic la-bel sen-si-tiv-ity sweep across $\OML/cmm/m/it/1
0 N \OMS/cmsy/m/n/10 2
 []

) (chapters/ch02_related_work.tex [2]) (chapters/ch03_dataset.tex
Underfull \hbox (badness 6675) in paragraph at lines 5--7
[]\T1/ptm/m/n/10 The NASA C-MAPSS (Com-mer-cial Mod-u-lar Aero-
 []

[3]
Overfull \hbox (3.16663pt too wide) in paragraph at lines 25--35
 [][] 
 []


Underfull \hbox (badness 10000) in paragraph at lines 40--41
\T1/ptm/m/n/10 vari-ance (\T1/pcr/m/n/10 s1, s5, s6, s10, s16, s18, s19\T1/ptm/
m/n/10 ),
 []


Overfull \hbox (23.2637pt too wide) detected at line 44
[]
 []


Underfull \hbox (badness 10000) in paragraph at lines 52--54
[]\T1/ptm/m/n/10 To iso-late degra-da-tion dy-nam-ics, we im-ple-ment
 []


Underfull \hbox (badness 10000) in paragraph at lines 52--54
\T1/ptm/m/n/10 condition-aware regime nor-mal-iza-tion via the
 []


Underfull \hbox (badness 2837) in paragraph at lines 57--58
[]\T1/ptm/b/n/10 Regime Stan-dard-iza-tion\T1/ptm/m/n/10 : For each regime $\OM
L/cmm/m/it/10 r \OMS/cmsy/m/n/10 2
 []

) (chapters/ch04_methodology.tex
Underfull \hbox (badness 1735) in paragraph at lines 21--22
\T1/ptm/m/n/10 putes the mul-ti-vari-ate sta-tis-ti-cal dis-tance from the
 []


Package hyperref Warning: Token not allowed in a PDF string (Unicode):
(hyperref)                removing `math shift' on input line 32.


Package hyperref Warning: Token not allowed in a PDF string (Unicode):
(hyperref)                removing `math shift' on input line 32.

[4]
Underfull \hbox (badness 10000) in paragraph at lines 72--73
[]\T1/ptm/b/n/10 Random For-est Clas-si-fier\T1/ptm/m/n/10 : 100 es-ti-ma-tors,

 []


Underfull \hbox (badness 10000) in paragraph at lines 72--73
\T1/pcr/m/n/10 max_depth=8\T1/ptm/m/n/10 , \T1/pcr/m/n/10 max_samples=0.8\T1/pt
m/m/n/10 , weighted
 []


Underfull \hbox (badness 10000) in paragraph at lines 73--74
\T1/ptm/m/n/10 learn-ing rate $\OML/cmm/m/it/10 ^^Q \OT1/cmr/m/n/10 = 0\OML/cmm
/m/it/10 :\OT1/cmr/m/n/10 08$\T1/ptm/m/n/10 , \T1/pcr/m/n/10 subsample=0.8\T1/p
tm/m/n/10 ,
 []


Underfull \hbox (badness 10000) in paragraph at lines 73--74
\T1/pcr/m/n/10 colsample_bytree=0.8\T1/ptm/m/n/10 , loss weighted by
 []

[5]) (chapters/ch05_experiments.tex
<../results/figures/predicted_vs_true_rul.png, id=404, 1011.78pt x 867.24pt>
File: ../results/figures/predicted_vs_true_rul.png Graphic file (type png)
<use ../results/figures/predicted_vs_true_rul.png>
Package pdftex.def Info: ../results/figures/predicted_vs_true_rul.png  used on 
input line 45.
(pdftex.def)             Requested size: 490.19843pt x 420.17421pt.
<../results/figures/pr_curves.png, id=409, 1011.78pt x 794.97pt>
File: ../results/figures/pr_curves.png Graphic file (type png)
<use ../results/figures/pr_curves.png>
Package pdftex.def Info: ../results/figures/pr_curves.png  used on input line 1
39.
(pdftex.def)             Requested size: 490.19843pt x 385.15968pt.
<../results/figures/lead_time_vs_fa_curves.png, id=412, 1084.05pt x 867.24pt>
File: ../results/figures/lead_time_vs_fa_curves.png Graphic file (type png)
<use ../results/figures/lead_time_vs_fa_curves.png>
Package pdftex.def Info: ../results/figures/lead_time_vs_fa_curves.png  used on
 input line 195.
(pdftex.def)             Requested size: 490.19843pt x 392.15996pt.

Underfull \hbox (badness 7944) in paragraph at lines 201--202
[]\T1/ptm/m/n/10 Table []VI[] de-tails di-ag-nos-tic and prog-nos-tic per-for-
 []


Underfull \hbox (badness 3138) in paragraph at lines 201--202
\T1/ptm/m/n/10 mance when re-train-ing de-tec-tors across cut-offs $\OML/cmm/m/
it/10 N \OMS/cmsy/m/n/10 2
 []

<../results/figures/n_sweep_lead_time_circularity.png, id=415, 1156.32pt x 433.
62pt>
File: ../results/figures/n_sweep_lead_time_circularity.png Graphic file (type p
ng)
<use ../results/figures/n_sweep_lead_time_circularity.png>
Package pdftex.def Info: ../results/figures/n_sweep_lead_time_circularity.png  
used on input line 243.
(pdftex.def)             Requested size: 490.19843pt x 183.8196pt.

Overfull \hbox (6.61223pt too wide) in paragraph at lines 299--312
 [][] 
 []

<../results/figures/cross_condition_bars.png, id=420, 1156.32pt x 433.62pt>
File: ../results/figures/cross_condition_bars.png Graphic file (type png)
<use ../results/figures/cross_condition_bars.png>
Package pdftex.def Info: ../results/figures/cross_condition_bars.png  used on i
nput line 318.
(pdftex.def)             Requested size: 490.19843pt x 183.8196pt.
<../results/figures/conformal_prediction_intervals.png, id=423, 1156.32pt x 650
.43pt>
File: ../results/figures/conformal_prediction_intervals.png Graphic file (type 
png)
<use ../results/figures/conformal_prediction_intervals.png>
Package pdftex.def Info: ../results/figures/conformal_prediction_intervals.png 
 used on input line 347.
(pdftex.def)             Requested size: 490.19843pt x 275.72939pt.
<../results/figures/shap_feature_importance.png, id=426, 1011.78pt x 722.7pt>
File: ../results/figures/shap_feature_importance.png Graphic file (type png)
<use ../results/figures/shap_feature_importance.png>
Package pdftex.def Info: ../results/figures/shap_feature_importance.png  used o
n input line 376.
(pdftex.def)             Requested size: 464.39685pt x 331.71822pt.
) (chapters/ch06_discussion.tex
Underfull \hbox (badness 1515) in paragraph at lines 8--9
[]\T1/ptm/b/n/10 High-Fidelity Window-Level Clas-si-fi-ca-tion\T1/ptm/m/n/10 : 
Su-per-
 []

[6]
Underfull \vbox (badness 10000) has occurred while \output is active []


Underfull \vbox (badness 10000) has occurred while \output is active []

 [7]
Underfull \hbox (badness 1910) in paragraph at lines 23--24
[]\T1/ptm/m/n/10 Specifically, on FD003, the Static Thresh-old de-tec-tor
 []

[8 <../results/figures/predicted_vs_true_rul.png>]

LaTeX Warning: Text page 9 contains only floats.


Overfull \vbox (5.01743pt too high) has occurred while \output is active []



LaTeX Warning: Text page 9 contains only floats.


Overfull \vbox (5.01743pt too high) has occurred while \output is active []


[9]
Underfull \hbox (badness 10000) in paragraph at lines 33--35
[]\T1/ptm/m/n/10 Our sys-tem-atic sen-si-tiv-ity sweep across $\OML/cmm/m/it/10
 N \OMS/cmsy/m/n/10 2
 []


Underfull \hbox (badness 10000) in paragraph at lines 33--35
\OMS/cmsy/m/n/10 f\OT1/cmr/m/n/10 20\OML/cmm/m/it/10 ; \OT1/cmr/m/n/10 30\OML/c
mm/m/it/10 ; \OT1/cmr/m/n/10 50\OML/cmm/m/it/10 ; \OT1/cmr/m/n/10 75\OML/cmm/m/
it/10 ; \OT1/cmr/m/n/10 100\OMS/cmsy/m/n/10 g$ \T1/ptm/m/n/10 demon-strates tha
t in su-per-vised
 []

[10 <../results/figures/pr_curves.png>]
Underfull \hbox (badness 2486) in paragraph at lines 50--51
[]\T1/ptm/m/it/10 Tier 1 (Early Warn-ing Trig-ger)\T1/ptm/m/n/10 : A condition-

 []


Underfull \vbox (badness 10000) has occurred while \output is active []


Underfull \vbox (badness 10000) has occurred while \output is active []

 [11 <../results/figures/lead_time_vs_fa_curves.png> <../results/figures/n_swee
p_lead_time_circularity.png>]
Underfull \vbox (badness 10000) has occurred while \output is active []


Underfull \vbox (badness 10000) has occurred while \output is active []

 [12 <../results/figures/cross_condition_bars.png>]

LaTeX Warning: Text page 13 contains only floats.


Underfull \vbox (badness 10000) has occurred while \output is active []



LaTeX Warning: Text page 13 contains only floats.


Underfull \vbox (badness 10000) has occurred while \output is active []

 [13 <../results/figures/conformal_prediction_intervals.png> <../results/figure
s/shap_feature_importance.png>]) (chapters/ch07_limitations.tex)
(chapters/ch08_conclusion.tex [14]
Underfull \vbox (badness 10000) has occurred while \output is active []

)
(chapters/appendices.tex [15]
Underfull \hbox (badness 10000) in paragraph at lines 82--83
[]\T1/ptm/b/n/10 Stage 3 Ar-ti-facts\T1/ptm/m/n/10 : \T1/pcr/m/n/10 python
 []


Overfull \hbox (4.05688pt too wide) in paragraph at lines 99--100
[]\T1/pcr/m/n/9 results/anomaly_metrics_summary.csv| 
 []


Overfull \hbox (4.05688pt too wide) in paragraph at lines 100--101
[]\T1/pcr/m/n/9 results/anomaly_metrics_summary.csv| 
 []


Overfull \hbox (4.05688pt too wide) in paragraph at lines 101--102
[]\T1/pcr/m/n/9 results/lead_time_at_fa_budgets.csv| 
 []


Overfull \hbox (9.45688pt too wide) in paragraph at lines 102--103
[]\T1/pcr/m/n/9 results/cross_condition_transfer.csv| 
 []


Overfull \hbox (31.05685pt too wide) in paragraph at lines 103--104
[]\T1/pcr/m/n/9 results/conformal_prediction_results.csv| 
 []

) (main.bbl) [16] [17] (main.aux)
 ***********
LaTeX2e <2026-06-01>
L3 programming layer <2026-06-18>
 ***********
Package rerunfilecheck Info: File `main.out' has not changed.
(rerunfilecheck)             Checksum: 6249B1F416CF66A7135C9C8802A64ED9;17917.
 ) 
Here is how much of TeX's memory you used:
 14029 strings out of 467510
 221597 string characters out of 5426182
 765440 words of memory out of 5000000
 42872 multiletter control sequences out of 15000+600000
 750173 words of font info for 178 fonts, out of 8000000 for 9000
 1141 hyphenation exceptions out of 8191
 74i,11n,79p,1003b,710s stack positions out of 10000i,1000n,20000p,200000b,200000s
<D:/Latex/fonts/type1/public/amsfonts/cm/cmbx10.pfb><D:/Latex/fonts/type1/pub
lic/amsfonts/cm/cmex10.pfb><D:/Latex/fonts/type1/public/amsfonts/cm/cmmi10.pfb>
<D:/Latex/fonts/type1/public/amsfonts/cm/cmmi7.pfb><D:/Latex/fonts/type1/public
/amsfonts/cm/cmmi8.pfb><D:/Latex/fonts/type1/public/amsfonts/cm/cmmi9.pfb><D:/L
atex/fonts/type1/public/amsfonts/cm/cmr10.pfb><D:/Latex/fonts/type1/public/amsf
onts/cm/cmr6.pfb><D:/Latex/fonts/type1/public/amsfonts/cm/cmr7.pfb><D:/Latex/fo
nts/type1/public/amsfonts/cm/cmr8.pfb><D:/Latex/fonts/type1/public/amsfonts/cm/
cmr9.pfb><D:/Latex/fonts/type1/public/amsfonts/cm/cmsy10.pfb><D:/Latex/fonts/ty
pe1/public/amsfonts/cm/cmsy7.pfb><D:/Latex/fonts/type1/public/amsfonts/cm/cmsy8
.pfb><D:/Latex/fonts/type1/public/amsfonts/cm/cmsy9.pfb><D:/Latex/fonts/type1/p
ublic/amsfonts/symbols/msbm10.pfb><D:/Latex/fonts/type1/urw/courier/ucrb8a.pfb>
<D:/Latex/fonts/type1/urw/courier/ucrr8a.pfb><D:/Latex/fonts/type1/urw/times/ut
mb8a.pfb><D:/Latex/fonts/type1/urw/times/utmbi8a.pfb><D:/Latex/fonts/type1/urw/
times/utmr8a.pfb><D:/Latex/fonts/type1/urw/times/utmri8a.pfb>
Output written on main.pdf (17 pages, 4387959 bytes).
PDF statistics:
 667 PDF objects out of 1000 (max. 8388607)
 172 named destinations out of 1000 (max. 500000)
 17508 words of extra memory for PDF output out of 20736 (max. 10000000)

